[debug] [2026-01-12T20:14:29.995Z] ----------------------------------------------------------------------
[debug] [2026-01-12T20:14:29.997Z] Command:       C:\Program Files\nodejs\node.exe C:\Users\maric\AppData\Roaming\npm\node_modules\firebase-tools\lib\bin\firebase.js init hosting:github
[debug] [2026-01-12T20:14:29.997Z] CLI Version:   13.35.1
[debug] [2026-01-12T20:14:29.997Z] Platform:      win32
[debug] [2026-01-12T20:14:29.997Z] Node Version:  v18.20.8
[debug] [2026-01-12T20:14:29.998Z] Time:          Mon Jan 12 2026 15:14:29 GMT-0500 (Eastern Standard Time)
[debug] [2026-01-12T20:14:29.998Z] ----------------------------------------------------------------------
[debug] 
[debug] [2026-01-12T20:14:30.192Z] > command requires scopes: ["email","openid","https://www.googleapis.com/auth/cloudplatformprojects.readonly","https://www.googleapis.com/auth/firebase","https://www.googleapis.com/auth/cloud-platform"]
[debug] [2026-01-12T20:14:30.192Z] > authorizing via signed-in user (kake.101buchanan@gmail.com)
[info] 
     ######## #### ########  ######## ########     ###     ######  ########
     ##        ##  ##     ## ##       ##     ##  ##   ##  ##       ##
     ######    ##  ########  ######   ########  #########  ######  ######
     ##        ##  ##    ##  ##       ##     ## ##     ##       ## ##
     ##       #### ##     ## ######## ########  ##     ##  ######  ########

You're about to initialize a Firebase project in this directory:

  C:\Users\maric\ja-relief

Before we get started, keep in mind:

  * You are initializing within an existing Firebase project directory

[info] 
=== Project Setup
[info] 
[info] First, let's associate this project directory with a Firebase project.
[info] You can create multiple project aliases by running firebase use --add, 
[info] but for now we'll just set up a default project.
[info] 
[debug] [2026-01-12T20:14:34.523Z] Using project from CLI flag: jarelief
[debug] [2026-01-12T20:14:34.524Z] Checked if tokens are valid: true, expires at: 1768250532055
[debug] [2026-01-12T20:14:34.524Z] Checked if tokens are valid: true, expires at: 1768250532055
[debug] [2026-01-12T20:14:34.525Z] >>> [apiv2][query] GET https://firebase.googleapis.com/v1beta1/projects/jarelief [none]
[debug] [2026-01-12T20:14:34.906Z] <<< [apiv2][status] GET https://firebase.googleapis.com/v1beta1/projects/jarelief 200
[debug] [2026-01-12T20:14:34.907Z] <<< [apiv2][body] GET https://firebase.googleapis.com/v1beta1/projects/jarelief {"projectId":"jarelief","projectNumber":"218858991852","displayName":"jarelief","name":"projects/jarelief","resources":{"hostingSite":"jarelief"},"state":"ACTIVE","etag":"1_8eea9cd7-0482-47ff-b730-fb318267d537"}
[info] i  Using project jarelief (jarelief) 
[info] 
=== Hosting:github Setup
[info] 
[info] i  Didn't detect a .git folder. Assuming C:\Users\maric\ja-relief is the project root. 
[info] i  Authorizing with GitHub to upload your service account to a GitHub repository's secrets store. 
[info] 
[info] Visit this URL on this device to log in:
[info] https://github.com/login/oauth/authorize?client_id=89cf50f02ac6aaed3484&state=611504203&redirect_uri=http%3A%2F%2Flocalhost%3A9005&scope=read%3Auser%20repo%20public_repo
[info] 
[info] Waiting for authentication...
[debug] [2026-01-12T20:14:35.630Z] >>> [apiv2][query] POST https://github.com/login/oauth/access_token [none]
[debug] [2026-01-12T20:14:35.630Z] >>> [apiv2][body] POST https://github.com/login/oauth/access_token [stream]
[debug] [2026-01-12T20:14:36.039Z] <<< [apiv2][status] POST https://github.com/login/oauth/access_token 200
[debug] [2026-01-12T20:14:36.039Z] <<< [apiv2][body] POST https://github.com/login/oauth/access_token {"access_token":"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","token_type":"bearer","scope":"read:user,repo"}
[debug] [2026-01-12T20:14:36.046Z] >>> [apiv2][query] GET https://api.github.com/user [none]
[debug] [2026-01-12T20:14:36.371Z] <<< [apiv2][status] GET https://api.github.com/user 200
[debug] [2026-01-12T20:14:36.371Z] <<< [apiv2][body] GET https://api.github.com/user {"login":"JILLYBOOHOO","id":114704157,"node_id":"U_kgDOBtY_HQ","avatar_url":"https://avatars.githubusercontent.com/u/114704157?v=4","gravatar_id":"","url":"https://api.github.com/users/JILLYBOOHOO","html_url":"https://github.com/JILLYBOOHOO","followers_url":"https://api.github.com/users/JILLYBOOHOO/followers","following_url":"https://api.github.com/users/JILLYBOOHOO/following{/other_user}","gists_url":"https://api.github.com/users/JILLYBOOHOO/gists{/gist_id}","starred_url":"https://api.github.com/users/JILLYBOOHOO/starred{/owner}{/repo}","subscriptions_url":"https://api.github.com/users/JILLYBOOHOO/subscriptions","organizations_url":"https://api.github.com/users/JILLYBOOHOO/orgs","repos_url":"https://api.github.com/users/JILLYBOOHOO/repos","events_url":"https://api.github.com/users/JILLYBOOHOO/events{/privacy}","received_events_url":"https://api.github.com/users/JILLYBOOHOO/received_events","type":"User","user_view_type":"private","site_admin":false,"name":null,"company":null,"blog":"","location":null,"email":null,"hireable":null,"bio":null,"twitter_username":null,"notification_email":null,"public_repos":1,"public_gists":0,"followers":0,"following":0,"created_at":"2022-09-29T22:33:33Z","updated_at":"2026-01-12T20:00:28Z","private_gists":0,"total_private_repos":0,"owned_private_repos":0,"disk_usage":0,"collaborators":0,"two_factor_authentication":false,"plan":{"name":"free","space":976562499,"collaborators":0,"private_repos":10000}}
[info] 
[info] +  Success! Logged into GitHub as JILLYBOOHOO 
[info] 
[debug] [2026-01-12T20:15:01.671Z] >>> [apiv2][query] GET https://api.github.com/repos/Y/actions/secrets/public-key type=owner
[debug] [2026-01-12T20:15:01.867Z] <<< [apiv2][status] GET https://api.github.com/repos/Y/actions/secrets/public-key 404
[debug] [2026-01-12T20:15:01.868Z] <<< [apiv2][body] GET https://api.github.com/repos/Y/actions/secrets/public-key {"message":"Not Found","documentation_url":"https://docs.github.com/rest","status":"404"}
[info] 
[info] 
[error] !  The provided authorization cannot be used with this repository. If this repository is in an organization, did you remember to grant access? 
[info] 
[info] i  Action required: Visit this URL to ensure access has been granted to the appropriate organization(s) for the Firebase CLI GitHub OAuth App: 
[info] https://github.com/settings/connections/applications/89cf50f02ac6aaed3484
[info] 
[debug] [2026-01-12T20:18:48.279Z] >>> [apiv2][query] GET https://api.github.com/repos/JILLYBOOHOO/ja-relief/actions/secrets/public-key type=owner
[debug] [2026-01-12T20:18:48.599Z] <<< [apiv2][status] GET https://api.github.com/repos/JILLYBOOHOO/ja-relief/actions/secrets/public-key 404
[debug] [2026-01-12T20:18:48.599Z] <<< [apiv2][body] GET https://api.github.com/repos/JILLYBOOHOO/ja-relief/actions/secrets/public-key {"message":"Not Found","documentation_url":"https://docs.github.com/rest/actions/secrets#get-a-repository-public-key","status":"404"}
[info] 
[info] 
[error] !  The provided authorization cannot be used with this repository. If this repository is in an organization, did you remember to grant access? 
[info] 
[info] i  Action required: Visit this URL to ensure access has been granted to the appropriate organization(s) for the Firebase CLI GitHub OAuth App: 
[info] https://github.com/settings/connections/applications/89cf50f02ac6aaed3484
[info] 
[debug] [2026-01-12T20:28:16.554Z] >>> [apiv2][query] GET https://api.github.com/repos/JILLYBOOHOO/ja-relief/actions/secrets/public-key type=owner
[debug] [2026-01-12T20:28:16.878Z] <<< [apiv2][status] GET https://api.github.com/repos/JILLYBOOHOO/ja-relief/actions/secrets/public-key 404
[debug] [2026-01-12T20:28:16.878Z] <<< [apiv2][body] GET https://api.github.com/repos/JILLYBOOHOO/ja-relief/actions/secrets/public-key {"message":"Not Found","documentation_url":"https://docs.github.com/rest/actions/secrets#get-a-repository-public-key","status":"404"}
[info] 
[info] 
[error] !  The provided authorization cannot be used with this repository. If this repository is in an organization, did you remember to grant access? 
[info] 
[info] i  Action required: Visit this URL to ensure access has been granted to the appropriate organization(s) for the Firebase CLI GitHub OAuth App: 
[info] https://github.com/settings/connections/applications/89cf50f02ac6aaed3484
[info] 
[debug] [2026-01-12T20:28:34.196Z] >>> [apiv2][query] GET https://api.github.com/repos/git remote add origin https://github.com/JILLYBOOHOO/ja_relief.git/actions/secrets/public-key type=owner
[debug] [2026-01-12T20:28:34.399Z] <<< [apiv2][status] GET https://api.github.com/repos/git remote add origin https://github.com/JILLYBOOHOO/ja_relief.git/actions/secrets/public-key 404
[debug] [2026-01-12T20:28:34.399Z] <<< [apiv2][body] GET https://api.github.com/repos/git remote add origin https://github.com/JILLYBOOHOO/ja_relief.git/actions/secrets/public-key {"message":"Not Found","documentation_url":"https://docs.github.com/rest","status":"404"}
[info] 
[info] 
[error] !  The provided authorization cannot be used with this repository. If this repository is in an organization, did you remember to grant access? 
[info] 
[info] i  Action required: Visit this URL to ensure access has been granted to the appropriate organization(s) for the Firebase CLI GitHub OAuth App: 
[info] https://github.com/settings/connections/applications/89cf50f02ac6aaed3484
[info] 
[debug] [2026-01-12T20:28:35.895Z] >>> [apiv2][query] GET https://api.github.com/repos/git remote add origin https://github.com/JILLYBOOHOO/ja_relief.git/actions/secrets/public-key type=owner
[debug] [2026-01-12T20:28:36.163Z] <<< [apiv2][status] GET https://api.github.com/repos/git remote add origin https://github.com/JILLYBOOHOO/ja_relief.git/actions/secrets/public-key 404
[debug] [2026-01-12T20:28:36.163Z] <<< [apiv2][body] GET https://api.github.com/repos/git remote add origin https://github.com/JILLYBOOHOO/ja_relief.git/actions/secrets/public-key {"message":"Not Found","documentation_url":"https://docs.github.com/rest","status":"404"}
[info] 
[info] 
[error] !  The provided authorization cannot be used with this repository. If this repository is in an organization, did you remember to grant access? 
[info] 
[info] i  Action required: Visit this URL to ensure access has been granted to the appropriate organization(s) for the Firebase CLI GitHub OAuth App: 
[info] https://github.com/settings/connections/applications/89cf50f02ac6aaed3484
[info] 
